0 verbose cli /usr/local/bin/node /usr/local/bin/npm
1 info using npm@11.17.0
2 info using node@v24.17.0
3 silly config load:file:/usr/local/lib/node_modules/npm/npmrc
4 silly config load:file:/home/container/.npmrc
5 silly config load:file:/usr/local/etc/npmrc
6 verbose title npm install
7 verbose argv "install"
8 verbose logfile logs-max:10 dir:/home/container/.npm/_logs/2026-08-02T17_04_00_591Z-
9 verbose logfile /home/container/.npm/_logs/2026-08-02T17_04_00_591Z-debug-0.log
10 silly logfile start cleaning logs, removing 1 files
11 silly logfile done cleaning log files
12 silly packumentCache heap:587202560 maxSize:146800640 maxEntrySize:73400320
13 silly idealTree buildDeps
14 silly reify moves {}
15 silly audit bulk request {
15 silly audit   '@socket.io/component-emitter': [ '3.1.2' ],
15 silly audit   '@types/cors': [ '2.8.19' ],
15 silly audit   '@types/node': [ '26.1.2' ],
15 silly audit   '@types/ws': [ '8.18.1' ],
15 silly audit   accepts: [ '2.0.0', '1.3.8' ],
15 silly audit   base64id: [ '2.0.0' ],
15 silly audit   'better-sqlite3': [ '13.0.2' ],
15 silly audit   'body-parser': [ '2.3.0' ],
15 silly audit   'content-type': [ '2.0.0', '1.0.5' ],
15 silly audit   bytes: [ '3.1.2' ],
15 silly audit   'call-bind-apply-helpers': [ '1.0.2' ],
15 silly audit   'call-bound': [ '1.0.4' ],
15 silly audit   'content-disposition': [ '1.1.0' ],
15 silly audit   cookie: [ '0.7.2' ],
15 silly audit   'cookie-signature': [ '1.2.2' ],
15 silly audit   cors: [ '2.8.6' ],
15 silly audit   crypto: [ '1.0.1' ],
15 silly audit   debug: [ '4.4.3' ],
15 silly audit   depd: [ '2.0.0' ],
15 silly audit   dotenv: [ '17.4.2' ],
15 silly audit   'dunder-proto': [ '1.0.1' ],
15 silly audit   'ee-first': [ '1.1.1' ],
15 silly audit   encodeurl: [ '2.0.0' ],
15 silly audit   'engine.io': [ '6.6.9' ],
15 silly audit   'engine.io-parser': [ '5.2.3' ],
15 silly audit   'mime-db': [ '1.52.0', '1.54.0' ],
15 silly audit   'mime-types': [ '2.1.35', '3.0.2' ],
15 silly audit   negotiator: [ '0.6.3', '1.0.0' ],
15 silly audit   'es-define-property': [ '1.0.1' ],
15 silly audit   'es-errors': [ '1.3.0' ],
15 silly audit   'es-object-atoms': [ '1.1.2' ],
15 silly audit   'escape-html': [ '1.0.3' ],
15 silly audit   etag: [ '1.8.1' ],
15 silly audit   express: [ '5.2.1' ],
15 silly audit   finalhandler: [ '2.1.1' ],
15 silly audit   forwarded: [ '0.2.0' ],
15 silly audit   fresh: [ '2.0.0' ],
15 silly audit   'function-bind': [ '1.1.2' ],
15 silly audit   'get-intrinsic': [ '1.3.0' ],
15 silly audit   'get-proto': [ '1.0.1' ],
15 silly audit   gopd: [ '1.2.0' ],
15 silly audit   'has-symbols': [ '1.1.0' ],
15 silly audit   hasown: [ '2.0.4' ],
15 silly audit   http: [ '0.0.1-security' ],
15 silly audit   'http-errors': [ '2.0.1' ],
15 silly audit   i: [ '0.3.7' ],
15 silly audit   'iconv-lite': [ '0.7.3' ],
15 silly audit   inherits: [ '2.0.4', '2.0.3' ],
15 silly audit   'ipaddr.js': [ '1.9.1' ],
15 silly audit   'is-promise': [ '4.0.0' ],
15 silly audit   'math-intrinsics': [ '1.1.0' ],
15 silly audit   'media-typer': [ '1.1.1' ],
15 silly audit   'merge-descriptors': [ '2.0.0' ],
15 silly audit   ms: [ '2.1.3' ],
15 silly audit   'node-addon-api': [ '8.9.0' ],
15 silly audit   npm: [ '12.0.2' ],
15 silly audit   'agent-base': [ '9.0.0' ],
15 silly audit   'npm-normalize-package-bin': [ '6.0.0' ],
15 silly audit   minipass: [ '7.1.3', '3.3.6' ],
15 silly audit   yallist: [ '4.0.0', '5.0.0' ],
15 silly audit   'safer-buffer': [ '2.1.2' ],
15 silly audit   'object-assign': [ '4.1.1' ],
15 silly audit   'object-inspect': [ '1.13.4' ],
15 silly audit   'on-finished': [ '2.4.1' ],
15 silly audit   once: [ '1.4.0' ],
15 silly audit   os: [ '0.1.2' ],
15 silly audit   parseurl: [ '1.3.3' ],
15 silly audit   path: [ '0.12.7' ],
15 silly audit   'path-to-regexp': [ '8.4.2' ],
15 silly audit   process: [ '0.11.10' ],
15 silly audit   'proxy-addr': [ '2.0.7' ],
15 silly audit   qs: [ '6.15.3' ],
15 silly audit   'range-parser': [ '1.3.0' ],
15 silly audit   'raw-body': [ '3.0.2' ],
15 silly audit   router: [ '2.2.0' ],
15 silly audit   send: [ '1.2.1' ],
15 silly audit   'serve-static': [ '2.2.1' ],
15 silly audit   setprototypeof: [ '1.2.0' ],
15 silly audit   'side-channel': [ '1.1.1' ],
15 silly audit   'side-channel-list': [ '1.0.1' ],
15 silly audit   'side-channel-map': [ '1.0.1' ],
15 silly audit   'side-channel-weakmap': [ '1.0.2' ],
15 silly audit   'socket.io': [ '4.8.3' ],
15 silly audit   'socket.io-adapter': [ '2.5.8' ],
15 silly audit   'socket.io-parser': [ '4.2.7' ],
15 silly audit   statuses: [ '2.0.2' ],
15 silly audit   toidentifier: [ '1.0.1' ],
15 silly audit   'type-is': [ '2.1.0' ],
15 silly audit   'undici-types': [ '8.3.0' ],
15 silly audit   unpipe: [ '1.0.0' ],
15 silly audit   util: [ '0.10.4' ],
15 silly audit   vary: [ '1.1.2' ],
15 silly audit   wrappy: [ '1.0.2' ],
15 silly audit   ws: [ '8.21.1' ],
15 silly audit   '@gar/promise-retry': [ '1.0.3' ],
15 silly audit   '@isaacs/fs-minipass': [ '4.0.1' ],
15 silly audit   '@isaacs/string-locale-compare': [ '1.1.0' ],
15 silly audit   '@npmcli/agent': [ '5.0.2' ],
15 silly audit   'http-proxy-agent': [ '9.1.0' ],
15 silly audit   'https-proxy-agent': [ '9.1.0' ],
15 silly audit   '@npmcli/arborist': [ '10.0.2' ],
15 silly audit   '@npmcli/config': [ '11.0.1' ],
15 silly audit   '@npmcli/fs': [ '6.0.0' ],
15 silly audit   '@npmcli/git': [ '8.0.0' ],
15 silly audit   '@npmcli/installed-package-contents': [ '5.0.0' ],
15 silly audit   'npm-bundled': [ '6.0.0' ],
15 silly audit   '@npmcli/map-workspaces': [ '6.0.0' ],
15 silly audit   '@npmcli/metavuln-calculator': [ '10.0.0' ],
15 silly audit   '@npmcli/name-from-folder': [ '5.0.0' ],
15 silly audit   '@npmcli/node-gyp': [ '6.0.0' ],
15 silly audit   '@npmcli/package-json': [ '8.0.0' ],
15 silly audit   '@npmcli/promise-spawn': [ '10.0.0' ],
15 silly audit   '@npmcli/query': [ '5.0.0' ],
15 silly audit   '@npmcli/redact': [ '5.0.0' ],
15 silly audit   '@npmcli/run-script': [ '11.0.0' ],
15 silly audit   '@sigstore/bundle': [ '5.0.0' ],
15 silly audit   '@sigstore/core': [ '4.0.1' ],
15 silly audit   '@sigstore/protobuf-specs': [ '0.5.1' ],
15 silly audit   '@sigstore/sign': [ '5.0.0' ],
15 silly audit   '@sigstore/tuf': [ '5.0.0' ],
15 silly audit   '@sigstore/verify': [ '4.1.0' ],
15 silly audit   '@tufjs/canonical-json': [ '2.0.0' ],
15 silly audit   '@tufjs/models': [ '5.0.0' ],
15 silly audit   abbrev: [ '5.0.0' ],
15 silly audit   aproba: [ '2.1.0' ],
15 silly audit   archy: [ '1.0.0' ],
15 silly audit   'balanced-match': [ '4.0.4' ],
15 silly audit   'bin-links': [ '7.0.0' ],
15 silly audit   'cmd-shim': [ '9.0.2' ],
15 silly audit   'read-cmd-shim': [ '7.0.0' ],
15 silly audit   'binary-extensions': [ '3.1.0' ],
15 silly audit   'brace-expansion': [ '5.0.7' ],
15 silly audit   cacache: [ '21.0.1' ],
15 silly audit   chalk: [ '5.6.2' ],
15 silly audit   chownr: [ '3.0.0' ],
15 silly audit   'ci-info': [ '4.4.0' ],
15 silly audit   'cidr-regex': [ '6.0.0' ],
15 silly audit   'common-ancestor-path': [ '2.0.0' ],
15 silly audit   cssesc: [ '3.0.0' ],
15 silly audit   diff: [ '8.0.4' ],
15 silly audit   'env-paths': [ '2.2.1' ],
15 silly audit   'exponential-backoff': [ '3.1.3' ],
15 silly audit   'fastest-levenshtein': [ '1.0.16' ],
15 silly audit   'fs-minipass': [ '3.0.3' ],
15 silly audit   glob: [ '13.0.6' ],
15 silly audit   'graceful-fs': [ '4.2.11' ],
15 silly audit   'hosted-git-info': [ '10.1.1' ],
15 silly audit   'http-cache-semantics': [ '4.2.0' ],
15 silly audit   ini: [ '7.0.0' ],
15 silly audit   'init-package-json': [ '9.0.0' ],
15 silly audit   'ip-address': [ '10.2.0' ],
15 silly audit   'is-cidr': [ '7.0.0' ],
15 silly audit   isexe: [ '4.0.0' ],
15 silly audit   'json-parse-even-better-errors': [ '6.0.0' ],
15 silly audit   'json-stringify-nice': [ '1.1.4' ],
15 silly audit   jsonparse: [ '1.3.1' ],
15 silly audit   'just-diff': [ '6.0.2' ],
15 silly audit   'just-diff-apply': [ '5.5.0' ],
15 silly audit   libnpmaccess: [ '11.0.0' ],
15 silly audit   libnpmdiff: [ '9.0.2' ],
15 silly audit   libnpmexec: [ '11.0.2' ],
15 silly audit   libnpmfund: [ '8.0.2' ],
15 silly audit   libnpmorg: [ '9.0.0' ],
15 silly audit   libnpmpack: [ '10.0.2' ],
15 silly audit   libnpmpublish: [ '12.0.0' ],
15 silly audit   libnpmsearch: [ '10.0.0' ],
15 silly audit   libnpmteam: [ '9.0.0' ],
15 silly audit   libnpmversion: [ '9.0.0' ],
15 silly audit   'lru-cache': [ '11.5.2' ],
15 silly audit   'make-fetch-happen': [ '16.0.1' ],
15 silly audit   minimatch: [ '10.2.5' ],
15 silly audit   'minipass-collect': [ '2.0.1' ],
15 silly audit   'minipass-fetch': [ '6.0.0' ],
15 silly audit   'minipass-flush': [ '1.0.6' ],
15 silly audit   'minipass-pipeline': [ '1.2.4' ],
15 silly audit   'minipass-sized': [ '2.0.0' ],
15 silly audit   minizlib: [ '3.1.0' ],
15 silly audit   'mute-stream': [ '4.0.0' ],
15 silly audit   'node-gyp': [ '13.0.0' ],
15 silly audit   nopt: [ '10.0.1' ],
15 silly audit   'npm-audit-report': [ '8.0.0' ],
15 silly audit   'npm-install-checks': [ '9.0.0' ],
15 silly audit   'npm-package-arg': [ '14.0.0' ],
15 silly audit   'npm-packlist': [ '11.3.0' ],
15 silly audit   'ignore-walk': [ '9.0.0' ],
15 silly audit   'npm-pick-manifest': [ '12.0.0' ],
15 silly audit   'npm-profile': [ '13.0.1' ],
15 silly audit   'npm-registry-fetch': [ '20.0.1' ],
15 silly audit   'npm-user-validate': [ '5.0.0' ],
15 silly audit   'p-map': [ '7.0.5' ],
15 silly audit   pacote: [ '22.0.0' ],
15 silly audit   'parse-conflict-json': [ '6.0.0' ],
15 silly audit   'path-scurry': [ '2.0.2' ],
15 silly audit   'postcss-selector-parser': [ '7.1.4' ],
15 silly audit   'proc-log': [ '7.0.0' ],
15 silly audit   proggy: [ '4.0.0' ],
15 silly audit   'promise-all-reject-late': [ '1.0.1' ],
15 silly audit   'promise-call-limit': [ '3.0.2' ],
15 silly audit   promzard: [ '4.0.0' ],
15 silly audit   'proxy-agent-negotiate': [ '1.1.0' ],
15 silly audit   'qrcode-terminal': [ '0.12.0' ],
15 silly audit   read: [ '6.0.0' ],
15 silly audit   semver: [ '7.8.5' ],
15 silly audit   'signal-exit': [ '4.1.0' ],
15 silly audit   sigstore: [ '5.0.0' ],
15 silly audit   'smart-buffer': [ '4.2.0' ],
15 silly audit   socks: [ '2.8.9' ],
15 silly audit   'socks-proxy-agent': [ '10.1.0' ],
15 silly audit   'spdx-exceptions': [ '2.5.0' ],
15 silly audit   'spdx-expression-parse': [ '4.0.0' ],
15 silly audit   'spdx-license-ids': [ '3.0.23' ],
15 silly audit   ssri: [ '14.0.0' ],
15 silly audit   'supports-color': [ '10.2.2' ],
15 silly audit   tar: [ '7.5.19' ],
15 silly audit   'text-table': [ '0.2.0' ],
15 silly audit   'tiny-relative-date': [ '2.0.2' ],
15 silly audit   tinyglobby: [ '0.2.17' ],
15 silly audit   fdir: [ '6.5.0' ],
15 silly audit   picomatch: [ '4.0.5' ],
15 silly audit   treeverse: [ '3.0.0' ],
15 silly audit   'tuf-js': [ '6.0.0' ],
15 silly audit   undici: [ '6.27.0' ],
15 silly audit   'util-deprecate': [ '1.0.2' ],
15 silly audit   'validate-npm-package-name': [ '8.0.0' ],
15 silly audit   'walk-up-path': [ '4.0.0' ],
15 silly audit   which: [ '7.0.0' ],
15 silly audit   'write-file-atomic': [ '8.0.0' ]
15 silly audit }
16 http fetch POST 200 https://registry.npmjs.org/-/npm/v1/security/advisories/bulk 684ms
17 silly audit report {
17 silly audit report   'brace-expansion': [
17 silly audit report     {
17 silly audit report       id: 1130591,
17 silly audit report       url: 'https://github.com/advisories/GHSA-mh99-v99m-4gvg',
17 silly audit report       title: 'brace-expansion: DoS via unbounded expansion length causing an out-of-memory process crash',
17 silly audit report       severity: 'high',
17 silly audit report       vulnerable_versions: '>=4.0.0 <5.0.8',
17 silly audit report       cwe: [Array],
17 silly audit report       cvss: [Object]
17 silly audit report     }
17 silly audit report   ],
17 silly audit report   tar: [
17 silly audit report     {
17 silly audit report       id: 1124287,
17 silly audit report       url: 'https://github.com/advisories/GHSA-r292-9mhp-454m',
17 silly audit report       title: 'node-tar: Uncontrolled recursion in mapHas/filesFilter allows uncatchable stack-overflow DoS via crafted long-path tar with member selection',
17 silly audit report       severity: 'moderate',
17 silly audit report       vulnerable_versions: '<=7.5.20',
17 silly audit report       cwe: [Array],
17 silly audit report       cvss: [Object]
17 silly audit report     }
17 silly audit report   ]
17 silly audit report }
18 silly packumentCache corgi:https://registry.npmjs.org/brace-expansion cache-miss
19 silly packumentCache corgi:https://registry.npmjs.org/tar cache-miss
20 http cache https://registry.npmjs.org/brace-expansion 23ms (cache hit)
21 silly packumentCache corgi:https://registry.npmjs.org/brace-expansion set size:34964 disposed:false
22 http cache https://registry.npmjs.org/tar 25ms (cache hit)
23 silly packumentCache corgi:https://registry.npmjs.org/tar set size:208035 disposed:false
24 silly packumentCache corgi:https://registry.npmjs.org/minimatch cache-miss
25 http cache https://registry.npmjs.org/minimatch 9ms (cache hit)
26 silly packumentCache corgi:https://registry.npmjs.org/minimatch set size:169442 disposed:false
27 silly packumentCache corgi:https://registry.npmjs.org/npm cache-miss
28 silly packumentCache corgi:https://registry.npmjs.org/libnpmdiff cache-miss
29 silly packumentCache corgi:https://registry.npmjs.org/node-gyp cache-miss
30 silly packumentCache corgi:https://registry.npmjs.org/pacote cache-miss
31 http cache https://registry.npmjs.org/libnpmdiff 21ms (cache hit)
32 silly packumentCache corgi:https://registry.npmjs.org/libnpmdiff set size:121343 disposed:false
33 http cache https://registry.npmjs.org/node-gyp 56ms (cache hit)
34 silly packumentCache corgi:https://registry.npmjs.org/node-gyp set size:162038 disposed:false
35 http cache https://registry.npmjs.org/pacote 65ms (cache hit)
36 silly packumentCache corgi:https://registry.npmjs.org/pacote set size:403023 disposed:false
37 http cache https://registry.npmjs.org/npm 81ms (cache hit)
38 silly packumentCache corgi:https://registry.npmjs.org/npm set size:2444120 disposed:false
39 warn allow-scripts 1 package has install scripts not yet covered by allowScripts:
39 warn allow-scripts   better-sqlite3@13.0.2 (install: node-gyp rebuild)
39 warn allow-scripts
39 warn allow-scripts Run `npm approve-scripts --allow-scripts-pending` to review, or `npm approve-scripts <pkg>` to allow.
40 verbose cwd /home/container
41 verbose os Linux 5.4.0-216-generic
42 verbose node v24.17.0
43 verbose npm  v11.17.0
44 verbose exit 0
45 info ok
